
> gastos-app@0.1.0 build
> next build

Ôû▓ Next.js 16.2.1 (Turbopack)
- Environments: .env

  Creating an optimized production build ...
node.exe : Error: Cannot apply unknown utility class `habit-card`
En línea: 1 Carácter: 1
+ & "C:\Program Files\nodejs/node.exe" "C:\Program 
Files\nodejs/node_mo ...
+ 
~~~~~~~~~~~~~~~~~~~~~~~~~~~~~~~~~~~~~~~~~~~~~~~~~~~~~~~~~~~~~~~~~~~~~
    + CategoryInfo          : NotSpecified: (Error: Cannot a...ss `h 
   abit-card`:String) [], RemoteException
    + FullyQualifiedErrorId : NativeCommandError
 
    [2m[at onInvalidCandidate 
(C:\Users\dcand\OneDrive\Escritorio\Gastos 
app\node_modules\tailwindcss\dist\lib.js:21:1511)][0m
    [2m[at Ee (C:\Users\dcand\OneDrive\Escritorio\Gastos 
app\node_modules\tailwindcss\dist\lib.js:16:36740)][0m
    [2m[at C:\Users\dcand\OneDrive\Escritorio\Gastos 
app\node_modules\tailwindcss\dist\lib.js:21:355][0m
    [2m[at _r (C:\Users\dcand\OneDrive\Escritorio\Gastos 
app\node_modules\tailwindcss\dist\lib.js:3:1733)][0m
    [2m[at I (C:\Users\dcand\OneDrive\Escritorio\Gastos 
app\node_modules\tailwindcss\dist\lib.js:3:1377)][0m
    [2m[at Te (C:\Users\dcand\OneDrive\Escritorio\Gastos 
app\node_modules\tailwindcss\dist\lib.js:21:172)][0m
    [2m[at mn (C:\Users\dcand\OneDrive\Escritorio\Gastos 
app\node_modules\tailwindcss\dist\lib.js:38:294)][0m
    [2m[at async gn (C:\Users\dcand\OneDrive\Escritorio\Gastos 
app\node_modules\tailwindcss\dist\lib.js:38:631)][0m
    [2m[at async Xr (C:\Users\dcand\OneDrive\Escritorio\Gastos 
app\node_modules\@tailwindcss\node\dist\index.js:10:3416)][0m
    [2m[at async N (C:\Users\dcand\OneDrive\Escritorio\Gastos 
app\node_modules\@tailwindcss\postcss\dist\index.js:10:3979)][0m

> Build error occurred
Error: Turbopack build failed with 1 errors:
./src/app/globals.css
Error evaluating Node.js code
CssSyntaxError: tailwindcss: 
C:\Users\dcand\OneDrive\Escritorio\Gastos 
app\src\app\globals.css:1:1: Cannot apply unknown utility class 
`habit-card`
    at Input.error (node_modules/postcss/lib/input.js:135:16) 
[C:\Users\dcand\OneDrive\Escritorio\Gastos 
app\.next\build\chunks\node_modules_13sb.px._.js:4651:22]
    at error (node_modules/postcss/lib/node.js:146:32) 
[C:\Users\dcand\OneDrive\Escritorio\Gastos 
app\.next\build\chunks\node_modules_13sb.px._.js:928:38]
    [at Object.Once (C:\Users\dcand\OneDrive\Escritorio\Gastos 
app\node_modules\@tailwindcss\postcss\dist\index.js:10:6913)]
    at async LazyResult.runAsync 
(node_modules/postcss/lib/lazy-result.js:293:11) 
[C:\Users\dcand\OneDrive\Escritorio\Gastos 
app\.next\build\chunks\node_modules_13sb.px._.js:6214:21]
    at async transform 
(turbopack:///[turbopack-node]/transforms/postcss.ts:70:34) 
[C:\Users\dcand\OneDrive\Escritorio\Gastos 
app\.next\build\chunks\[root-of-the-server]__0d-m0h0._.js:146:36]
    at async run 
(turbopack:///[turbopack-node]/child_process/evaluate.ts:89:23) 
[C:\Users\dcand\OneDrive\Escritorio\Gastos 
app\.next\build\chunks\[root-of-the-server]__0ubbtyl._.js:443:31]

Import trace:
  Client Component Browser:
    ./src/app/globals.css [Client Component Browser]
    ./src/app/layout.tsx [Server Component]


    at async transform 
(turbopack:///[turbopack-node]/transforms/postcss.ts:70:34) 
[C:\Users\dcand\OneDrive\Escritorio\Gastos 
app\.next\build\chunks\[root-of-the-server]__0d-m0h0._.js:146:36])
    at async run 
(turbopack:///[turbopack-node]/child_process/evaluate.ts:89:23) 
[C:\Users\dcand\OneDrive\Escritorio\Gastos 
app\.next\build\chunks\[root-of-the-server]__0ubbtyl._.js:443:31])
